[2026-09-15-15:20:52.136] [INFO] [AscendProfiler_ProfilingParser:97] Profiler logger initialized at: /home/zhujianwei/NPU-Inference-Performance-Optimization/sglang_profile/hostname-kczbs.foreman.pxe_9710_20260915152040882_ascend_pt/logs/profiler_20260915152052_13231_ProfilingParser.log
[2026-09-15-15:20:52.242] [INFO] [AscendProfiler_ProfilingParser:100] TorchOpParser start.
[2026-09-15-15:20:52.242] [INFO] [AscendProfiler_ProfilingParser:82] TaskQueueParser start.
[2026-09-15-15:20:52.295] [INFO] [AscendProfiler_ProfilingParser:162] CANNTimelineParser start.
[2026-09-15-15:20:52.532] [INFO] [AscendProfiler_ProfilingParser:88] TaskQueueParser finish.
[2026-09-15-15:20:53.811] [INFO] [AscendProfiler_ProfilingParser:106] TorchOpParser finish.
[2026-09-15-15:20:53.811] [INFO] [AscendProfiler_ProfilingParser:62] TreeBuildParser start.
[2026-09-15-15:20:53.914] [INFO] [AscendProfiler_ProfilingParser:118] DbPreParser start.
[2026-09-15-15:20:55.654] [INFO] [AscendProfiler_ProfilingParser:70] TreeBuildParser finish.
[2026-09-15-15:20:55.706] [INFO] [AscendProfiler_ProfilingParser:62] MemoryPrepareParser start.
[2026-09-15-15:20:56.112] [INFO] [AscendProfiler_ProfilingParser:75] MemoryPrepareParser finish.
[2026-09-15-15:20:59.688] [INFO] [AscendProfiler_ProfilingParser:172] CANNTimelineParser finish.
[2026-09-15-15:20:59.735] [INFO] [AscendProfiler_ProfilingParser:31] RelationParser start.
[2026-09-15-15:21:00.977] [INFO] [AscendProfiler_ProfilingParser:38] RelationParser finish.
[2026-09-15-15:21:36.667] [INFO] [AscendProfiler_ProfilingParser:129] DbPreParser finish.
[2026-09-15-15:21:36.668] [INFO] [AscendProfiler_ProfilingParser:40] DbParser start.
[2026-09-15-15:21:36.669] [INFO] [AscendProfiler_ProfilingParser:27] BasicDbParser start.
[2026-09-15-15:21:36.674] [INFO] [AscendProfiler_ProfilingParser:40] BasicDbParser finish.
[2026-09-15-15:21:36.674] [INFO] [AscendProfiler_ProfilingParser:27] FwkApiDbParser start.
[2026-09-15-15:21:36.674] [INFO] [AscendProfiler_ProfilingParser:32] FwkApiDbParser get fwk api data finish.
[2026-09-15-15:21:36.866] [INFO] [AscendProfiler_ProfilingParser:34] FwkApiDbParser get api data for db finish.
[2026-09-15-15:21:51.974] [INFO] [AscendProfiler_ProfilingParser:36] FwkApiDbParser save api data to db finish.
[2026-09-15-15:21:51.974] [INFO] [AscendProfiler_ProfilingParser:40] FwkApiDbParser finish.
[2026-09-15-15:21:51.987] [INFO] [AscendProfiler_ProfilingParser:82] MemoryDbParser start.
[2026-09-15-15:21:51.987] [INFO] [AscendProfiler_ProfilingParser:95] MemoryDbParser finish.
[2026-09-15-15:21:51.987] [INFO] [AscendProfiler_ProfilingParser:33] GCRecordDbParser start.
[2026-09-15-15:21:51.987] [INFO] [AscendProfiler_ProfilingParser:41] GCRecordDbParser finish.
[2026-09-15-15:21:51.988] [INFO] [AscendProfiler_ProfilingParser:36] StepInfoDbParser start.
[2026-09-15-15:21:52.109] [INFO] [AscendProfiler_ProfilingParser:43] StepInfoDbParser finish.
[2026-09-15-15:21:52.110] [INFO] [AscendProfiler_ProfilingParser:80] CommunicationDbParser start.
[2026-09-15-15:21:52.124] [INFO] [AscendProfiler_ProfilingParser:88] CommunicationDbParser finish.
[2026-09-15-15:21:52.124] [INFO] [AscendProfiler_ProfilingParser:74] TraceStepTimeDbParser start.
[2026-09-15-15:21:52.279] [INFO] [AscendProfiler_ProfilingParser:83] TraceStepTimeDbParser finish.
[2026-09-15-15:21:52.280] [INFO] [AscendProfiler_ProfilingParser:64] DbParser finish.
[2026-09-15-15:21:53.418] [INFO] [AscendProfiler_ProfilingParser:473] ============================================================
[2026-09-15-15:21:53.418] [INFO] [AscendProfiler_ProfilingParser:474] Task execution completed
[2026-09-15-15:21:53.418] [INFO] [AscendProfiler_ProfilingParser:475] ============================================================
[2026-09-15-15:21:53.418] [INFO] [AscendProfiler_ProfilingParser:478] torch_op                  | PTHREAD         | Succeed    | 1.570s | deps: None
[2026-09-15-15:21:53.418] [INFO] [AscendProfiler_ProfilingParser:478] task_queue                | PTHREAD         | Succeed    | 0.311s | deps: None
[2026-09-15-15:21:53.418] [INFO] [AscendProfiler_ProfilingParser:478] trace_prepare             | SUB_PROCESS     | Succeed    | 50.983s | deps: torch_op, task_queue
[2026-09-15-15:21:53.418] [INFO] [AscendProfiler_ProfilingParser:478] build_tree                | PTHREAD         | Succeed    | 1.874s | deps: torch_op, task_queue
[2026-09-15-15:21:53.418] [INFO] [AscendProfiler_ProfilingParser:478] export                    | SUB_PROCESS     | Succeed    | 8.208s | deps: None
[2026-09-15-15:21:53.418] [INFO] [AscendProfiler_ProfilingParser:478] timeline                  | PTHREAD|NON_BLOCKING | Succeed    | 7.426s | deps: None
[2026-09-15-15:21:53.418] [INFO] [AscendProfiler_ProfilingParser:478] relation                  | PTHREAD         | Succeed    | 1.289s | deps: task_queue, timeline
[2026-09-15-15:21:53.418] [INFO] [AscendProfiler_ProfilingParser:478] memory_prepare            | PTHREAD         | Succeed    | 0.443s | deps: build_tree, task_queue, torch_op
[2026-09-15-15:21:53.418] [INFO] [AscendProfiler_ProfilingParser:478] analyze                   | SUB_PROCESS     | Succeed    | 1.237s | deps: timeline
[2026-09-15-15:21:53.418] [INFO] [AscendProfiler_ProfilingParser:478] operator                  | SUB_PROCESS     | Succeed    | 5.768s | deps: build_tree, timeline, relation, torch_op
[2026-09-15-15:21:53.418] [INFO] [AscendProfiler_ProfilingParser:478] trace                     | SUB_PROCESS     | Succeed    | 1.870s | deps: build_tree, trace_prepare, timeline, task_queue, torch_op
[2026-09-15-15:21:53.418] [INFO] [AscendProfiler_ProfilingParser:478] kernel                    | SUB_PROCESS     | Succeed    | 0.491s | deps: build_tree, export, relation
[2026-09-15-15:21:53.418] [INFO] [AscendProfiler_ProfilingParser:478] step_time                 | SUB_PROCESS     | Succeed    | 0.962s | deps: build_tree, timeline, relation, torch_op
[2026-09-15-15:21:53.418] [INFO] [AscendProfiler_ProfilingParser:478] memory                    | SUB_PROCESS     | Succeed    | 0.165s | deps: export, memory_prepare
[2026-09-15-15:21:53.418] [INFO] [AscendProfiler_ProfilingParser:478] integrate                 | SUB_PROCESS     | Succeed    | 0.335s | deps: export
[2026-09-15-15:21:53.419] [INFO] [AscendProfiler_ProfilingParser:478] communication             | SUB_PROCESS     | Succeed    | 1.019s | deps: build_tree, analyze, relation
[2026-09-15-15:21:53.419] [INFO] [AscendProfiler_ProfilingParser:478] db_prepare                | PTHREAD         | Succeed    | 42.793s | deps: torch_op, task_queue
[2026-09-15-15:21:53.419] [INFO] [AscendProfiler_ProfilingParser:478] torch_db                  | PTHREAD         | Succeed    | 15.614s | deps: export, memory_prepare, build_tree, analyze, db_prepare
