[2026-09-15-15:20:52.249] [INFO] [AscendProfiler_ProfilingParser:97] Profiler logger initialized at: /home/zhujianwei/NPU-Inference-Performance-Optimization/sglang_profile/hostname-kczbs.foreman.pxe_9711_20260915152040881_ascend_pt/logs/profiler_20260915152052_13237_ProfilingParser.log
[2026-09-15-15:20:52.294] [INFO] [AscendProfiler_ProfilingParser:100] TorchOpParser start.
[2026-09-15-15:20:52.294] [INFO] [AscendProfiler_ProfilingParser:82] TaskQueueParser start.
[2026-09-15-15:20:52.342] [INFO] [AscendProfiler_ProfilingParser:162] CANNTimelineParser start.
[2026-09-15-15:20:52.586] [INFO] [AscendProfiler_ProfilingParser:88] TaskQueueParser finish.
[2026-09-15-15:20:53.871] [INFO] [AscendProfiler_ProfilingParser:106] TorchOpParser finish.
[2026-09-15-15:20:53.872] [INFO] [AscendProfiler_ProfilingParser:118] DbPreParser start.
[2026-09-15-15:20:53.872] [INFO] [AscendProfiler_ProfilingParser:62] TreeBuildParser start.
[2026-09-15-15:20:55.906] [INFO] [AscendProfiler_ProfilingParser:70] TreeBuildParser finish.
[2026-09-15-15:20:55.949] [INFO] [AscendProfiler_ProfilingParser:62] MemoryPrepareParser start.
[2026-09-15-15:20:57.339] [INFO] [AscendProfiler_ProfilingParser:75] MemoryPrepareParser finish.
[2026-09-15-15:20:59.952] [INFO] [AscendProfiler_ProfilingParser:172] CANNTimelineParser finish.
[2026-09-15-15:21:00.025] [INFO] [AscendProfiler_ProfilingParser:31] RelationParser start.
[2026-09-15-15:21:02.197] [INFO] [AscendProfiler_ProfilingParser:38] RelationParser finish.
[2026-09-15-15:21:30.210] [INFO] [AscendProfiler_ProfilingParser:129] DbPreParser finish.
[2026-09-15-15:21:30.211] [INFO] [AscendProfiler_ProfilingParser:40] DbParser start.
[2026-09-15-15:21:30.212] [INFO] [AscendProfiler_ProfilingParser:27] BasicDbParser start.
[2026-09-15-15:21:30.218] [INFO] [AscendProfiler_ProfilingParser:40] BasicDbParser finish.
[2026-09-15-15:21:30.218] [INFO] [AscendProfiler_ProfilingParser:27] FwkApiDbParser start.
[2026-09-15-15:21:30.219] [INFO] [AscendProfiler_ProfilingParser:32] FwkApiDbParser get fwk api data finish.
[2026-09-15-15:21:30.570] [INFO] [AscendProfiler_ProfilingParser:34] FwkApiDbParser get api data for db finish.
[2026-09-15-15:21:44.766] [INFO] [AscendProfiler_ProfilingParser:36] FwkApiDbParser save api data to db finish.
[2026-09-15-15:21:44.766] [INFO] [AscendProfiler_ProfilingParser:40] FwkApiDbParser finish.
[2026-09-15-15:21:44.779] [INFO] [AscendProfiler_ProfilingParser:82] MemoryDbParser start.
[2026-09-15-15:21:44.779] [INFO] [AscendProfiler_ProfilingParser:95] MemoryDbParser finish.
[2026-09-15-15:21:44.780] [INFO] [AscendProfiler_ProfilingParser:33] GCRecordDbParser start.
[2026-09-15-15:21:44.780] [INFO] [AscendProfiler_ProfilingParser:41] GCRecordDbParser finish.
[2026-09-15-15:21:44.780] [INFO] [AscendProfiler_ProfilingParser:36] StepInfoDbParser start.
[2026-09-15-15:21:44.929] [INFO] [AscendProfiler_ProfilingParser:43] StepInfoDbParser finish.
[2026-09-15-15:21:44.930] [INFO] [AscendProfiler_ProfilingParser:80] CommunicationDbParser start.
[2026-09-15-15:21:44.946] [INFO] [AscendProfiler_ProfilingParser:88] CommunicationDbParser finish.
[2026-09-15-15:21:44.946] [INFO] [AscendProfiler_ProfilingParser:74] TraceStepTimeDbParser start.
[2026-09-15-15:21:45.109] [INFO] [AscendProfiler_ProfilingParser:83] TraceStepTimeDbParser finish.
[2026-09-15-15:21:45.111] [INFO] [AscendProfiler_ProfilingParser:64] DbParser finish.
[2026-09-15-15:21:46.113] [INFO] [AscendProfiler_ProfilingParser:473] ============================================================
[2026-09-15-15:21:46.114] [INFO] [AscendProfiler_ProfilingParser:474] Task execution completed
[2026-09-15-15:21:46.114] [INFO] [AscendProfiler_ProfilingParser:475] ============================================================
[2026-09-15-15:21:46.114] [INFO] [AscendProfiler_ProfilingParser:478] torch_op                  | PTHREAD         | Succeed    | 1.578s | deps: None
[2026-09-15-15:21:46.114] [INFO] [AscendProfiler_ProfilingParser:478] task_queue                | PTHREAD         | Succeed    | 0.312s | deps: None
[2026-09-15-15:21:46.114] [INFO] [AscendProfiler_ProfilingParser:478] trace_prepare             | SUB_PROCESS     | Succeed    | 41.773s | deps: torch_op, task_queue
[2026-09-15-15:21:46.114] [INFO] [AscendProfiler_ProfilingParser:478] build_tree                | PTHREAD         | Succeed    | 2.056s | deps: torch_op, task_queue
[2026-09-15-15:21:46.114] [INFO] [AscendProfiler_ProfilingParser:478] export                    | SUB_PROCESS     | Succeed    | 9.387s | deps: None
[2026-09-15-15:21:46.114] [INFO] [AscendProfiler_ProfilingParser:478] timeline                  | PTHREAD|NON_BLOCKING | Succeed    | 7.654s | deps: None
[2026-09-15-15:21:46.114] [INFO] [AscendProfiler_ProfilingParser:478] relation                  | PTHREAD         | Succeed    | 2.229s | deps: task_queue, timeline
[2026-09-15-15:21:46.114] [INFO] [AscendProfiler_ProfilingParser:478] memory_prepare            | PTHREAD         | Succeed    | 1.443s | deps: build_tree, task_queue, torch_op
[2026-09-15-15:21:46.114] [INFO] [AscendProfiler_ProfilingParser:478] analyze                   | SUB_PROCESS     | Succeed    | 1.610s | deps: timeline
[2026-09-15-15:21:46.114] [INFO] [AscendProfiler_ProfilingParser:478] operator                  | SUB_PROCESS     | Succeed    | 5.922s | deps: build_tree, timeline, relation, torch_op
[2026-09-15-15:21:46.114] [INFO] [AscendProfiler_ProfilingParser:478] trace                     | SUB_PROCESS     | Succeed    | 2.087s | deps: build_tree, trace_prepare, timeline, task_queue, torch_op
[2026-09-15-15:21:46.114] [INFO] [AscendProfiler_ProfilingParser:478] kernel                    | SUB_PROCESS     | Succeed    | 0.498s | deps: build_tree, export, relation
[2026-09-15-15:21:46.114] [INFO] [AscendProfiler_ProfilingParser:478] step_time                 | SUB_PROCESS     | Succeed    | 1.472s | deps: build_tree, timeline, relation, torch_op
[2026-09-15-15:21:46.114] [INFO] [AscendProfiler_ProfilingParser:478] memory                    | SUB_PROCESS     | Succeed    | 0.364s | deps: export, memory_prepare
[2026-09-15-15:21:46.114] [INFO] [AscendProfiler_ProfilingParser:478] integrate                 | SUB_PROCESS     | Succeed    | 0.326s | deps: export
[2026-09-15-15:21:46.114] [INFO] [AscendProfiler_ProfilingParser:478] communication             | SUB_PROCESS     | Succeed    | 0.587s | deps: build_tree, analyze, relation
[2026-09-15-15:21:46.114] [INFO] [AscendProfiler_ProfilingParser:478] db_prepare                | PTHREAD         | Succeed    | 36.339s | deps: torch_op, task_queue
[2026-09-15-15:21:46.114] [INFO] [AscendProfiler_ProfilingParser:478] torch_db                  | PTHREAD         | Succeed    | 14.902s | deps: export, memory_prepare, build_tree, analyze, db_prepare
